📝 Log : /Users/hippolyte.dreyfus/Documents/bidsification/stimSD/_log/bids-participantsV6_20260518_161044.log

🔎 Scan de /Volumes/levy/raw/valerocabre/stimSD/Data/sourcedata/1_DATA/1_RAW/1_PATIENTS ...
🔍 33 fichiers XLSX trouvés

  ✓ 001-0001-CMC          age= 68  sex=F  hand=R  mms=16
  ✓ 001-0004-MA           age= 71  sex=M  hand=R  mms=n/a
  ✓ 001-0005-LS           age= 69  sex=M  hand=R  mms=29
  ⏭️  001-0005-LS déjà traité
  ✓ 001-0006-CV           age= 72  sex=M  hand=R  mms=n/a
  ✓ 001-0007-ME           age= 78  sex=M  hand=R  mms=n/a
  ✓ 001-0008-LD           age= 70  sex=M  hand=R  mms=n/a
  ⚠️  001-0010-LM: feuille Patient/Patiente absente dans 001-009-LM.xlsx
  ✓ 001-0014-BS           age= 75  sex=F  hand=L  mms=n/a
  ✓ 001-0016-BJC          age= 61  sex=n/a  hand=R  mms=n/a
  ⚠️  001-0017-KV: feuille Patient/Patiente absente dans 003-001-KV.xlsx
  ✓ 001-0018-JC           age= 66  sex=M  hand=R  mms=n/a
  ✓ 001-0020-RN           age= 73  sex=F  hand=R  mms=n/a
  ✓ 001-0021-RP           age= 66  sex=M  hand=R  mms=n/a
  ⚠️  001-0022-LM: feuille Patient/Patiente absente dans 01-0024LLM.xlsx
  ⚠️  001-0030-GE: feuille Patient/Patiente absente dans 001-0032-EG (3)der.xlsx
  ⚠️  001-0031-GS: feuille Patient/Patiente absente dans 001-0033-GS.xlsx
  ⚠️  Pas de correspondance eCRF pour '0X-00X-Initiale' → ignoré
  ⚠️  001-0032-HB: feuille Patient/Patiente absente dans 001-0034-HB.xlsx
  ⚠️  001-0033-PM: feuille Patient/Patiente absente dans 001-0035-PM.xlsx
  ⚠️  001-0035-LC: feuille Patient/Patiente absente dans 001-0036-LC.xlsx
  ⚠️  001-0037-TJ: feuille Patient/Patiente absente dans 001-0038-TJ.xlsx
  ✓ 001-0041-PE           age=66 ans  sex=F  hand=R  mms=28
  ⚠️  001-0046-OP: feuille Patient/Patiente absente dans 001-0048-OP.xlsx
  ⚠️  001-0047-HJ: feuille Patient/Patiente absente dans 001-0049-HJ.xlsx
  ⚠️  001-0049-GM: feuille Patient/Patiente absente dans 001-0051-GM.xlsx
  ⚠️  001-0053-MT: feuille Patient/Patiente absente dans 001-0056-MT.xlsx
  ⚠️  001-0054-DC: feuille Patient/Patiente absente dans 001-0057-DC.xlsx
  ⚠️  001-0055-BM: feuille Patient/Patiente absente dans 001-0058-BM.xlsx
  ⚠️  001-0056-GC: feuille Patient/Patiente absente dans 001-0059-GC.xlsx
  ⚠️  Pas de correspondance eCRF pour '0X-00X-Initiale' → ignoré
  ⚠️  001-0057-HJ: feuille Patient/Patiente absente dans 001-0060-HJ.xlsx
  ⚠️  001-0058-TC: feuille Patient/Patiente absente dans 001-0061-TC.xlsx

✅ /Volumes/levy/raw/valerocabre/stimSD/Data/derivatives/bids-V6-eCRF/participants.tsv
   30 participants  |  colonnes : ['participant_id', 'age', 'sex', 'handedness', 'education', 'disease_onset_year', 'diagnosis_year', 'consent_date', 'mms', 'madrs', 'bref', 'mattis', 'bdae_severity', 'do80_score']

📝 Log : /Users/hippolyte.dreyfus/Documents/bidsification/stimSD/_log/bids-participantsV6_20260518_161044.log
